
> visorq@0.0.0 build
> tsc -b && vite build

src/components/AIRiskSuggestionPanel.tsx(4,10): error TS1484: 'Project' is a type and must be imported using a type-only import when 'verbatimModuleSyntax' is enabled.
src/components/AIRiskSuggestionPanel.tsx(4,19): error TS1484: 'Risk' is a type and must be imported using a type-only import when 'verbatimModuleSyntax' is enabled.
src/components/ApprovalWorkflowViewer.tsx(118,48): error TS6133: 'index' is declared but its value is never read.
src/components/BatchEditModal.tsx(4,10): error TS1484: 'Project' is a type and must be imported using a type-only import when 'verbatimModuleSyntax' is enabled.
src/components/BatchEditModal.tsx(39,29): error TS2339: Property 'owner' does not exist on type 'Partial<Project>'.
src/components/BatchEditModal.tsx(44,29): error TS2339: Property 'tags' does not exist on type 'Partial<Project>'.
src/components/CrossProjectDependencyMap.tsx(14,1): error TS6133: 'CrossProjectDependency' is declared but its value is never read.
src/components/CrossProjectRiskAnalysis.tsx(4,10): error TS1484: 'Project' is a type and must be imported using a type-only import when 'verbatimModuleSyntax' is enabled.
src/components/CrossProjectRiskAnalysis.tsx(4,19): error TS1484: 'Risk' is a type and must be imported using a type-only import when 'verbatimModuleSyntax' is enabled.
src/components/EVMCharts.tsx(4,5): error TS6133: 'TrendingUp' is declared but its value is never read.
src/components/EVMCharts.tsx(4,17): error TS6133: 'TrendingDown' is declared but its value is never read.
src/components/GlobalSearch.tsx(5,27): error TS1484: 'SearchResult' is a type and must be imported using a type-only import when 'verbatimModuleSyntax' is enabled.
src/components/GlobalSearch.tsx(5,41): error TS1484: 'SearchResultType' is a type and must be imported using a type-only import when 'verbatimModuleSyntax' is enabled.
src/components/InteractiveGanttChart.tsx(37,5): error TS6133: 'onMilestoneAdd' is declared but its value is never read.
src/components/InteractiveGanttChart.tsx(38,5): error TS6133: 'onMilestoneUpdate' is declared but its value is never read.
src/components/InteractiveGanttChart.tsx(39,5): error TS6133: 'onMilestoneDelete' is declared but its value is never read.
src/components/InteractiveGanttChart.tsx(41,5): error TS6133: 'onDependencyDelete' is declared but its value is never read.
src/components/InteractiveGanttChart.tsx(45,11): error TS6133: 'sidebarRef' is declared but its value is never read.
src/components/InteractiveGanttChart.tsx(194,28): error TS6133: 'e' is declared but its value is never read.
src/components/InteractiveGanttChart.tsx(335,55): error TS6133: 'i' is declared but its value is never read.
src/components/OptimizedChart.tsx(170,17): error TS2322: Type 'Element | null' is not assignable to type 'ReactElement<any, string | JSXElementConstructor<any>>'.
  Type 'null' is not assignable to type 'ReactElement<any, string | JSXElementConstructor<any>>'.
src/components/ProjectDependencyViewer.tsx(30,29): error TS2339: Property 'dependencies' does not exist on type 'Project'.
src/components/ProjectDependencyViewer.tsx(30,49): error TS7006: Parameter 'dep' implicitly has an 'any' type.
src/components/ProjectDependencyViewer.tsx(35,15): error TS2339: Property 'dependencies' does not exist on type 'Project'.
src/components/ProjectDependencyViewer.tsx(35,35): error TS7006: Parameter 'dep' implicitly has an 'any' type.
src/components/ProjectDependencyViewer.tsx(40,16): error TS2339: Property 'dependencies' does not exist on type 'Project'.
src/components/ProjectDependencyViewer.tsx(40,36): error TS7006: Parameter 'dep' implicitly has an 'any' type.
src/components/ResourceConflictVisualizer.tsx(40,47): error TS2339: Property 'resourceAllocations' does not exist on type 'Project'.
src/components/ResourceConflictVisualizer.tsx(41,22): error TS7006: Parameter 'alloc' implicitly has an 'any' type.
src/components/RiskFormModal.tsx(4,10): error TS1484: 'Risk' is a type and must be imported using a type-only import when 'verbatimModuleSyntax' is enabled.
src/components/RiskFormModal.tsx(4,16): error TS1484: 'RiskCategory' is a type and must be imported using a type-only import when 'verbatimModuleSyntax' is enabled.
src/components/RiskFormModal.tsx(4,30): error TS1484: 'RiskStatus' is a type and must be imported using a type-only import when 'verbatimModuleSyntax' is enabled.
src/components/RiskFormModal.tsx(4,42): error TS1484: 'RiskMitigationAction' is a type and must be imported using a type-only import when 'verbatimModuleSyntax' is enabled.
src/components/RiskFormModal.tsx(5,22): error TS6133: 'getRiskCategoryInfo' is declared but its value is never read.
src/components/RiskFormModal.tsx(5,43): error TS6133: 'getRiskStatusInfo' is declared but its value is never read.
src/components/RiskFormModal.tsx(77,32): error TS2339: Property 'id' does not exist on type 'Omit<RiskMitigationAction, "id">'.
src/components/RiskHeatmap.tsx(2,10): error TS1484: 'Risk' is a type and must be imported using a type-only import when 'verbatimModuleSyntax' is enabled.
src/components/RiskHeatmap.tsx(3,74): error TS6133: 'addMonths' is declared but its value is never read.
src/components/RiskHeatmap.tsx(4,1): error TS6133: 'calculateRiskPriority' is declared but its value is never read.
src/components/RiskMatrix.tsx(2,10): error TS1484: 'Risk' is a type and must be imported using a type-only import when 'verbatimModuleSyntax' is enabled.
src/components/RiskMatrix.tsx(3,1): error TS6133: 'getRiskPriorityColor' is declared but its value is never read.
src/components/RiskTemplateSelector.tsx(4,10): error TS1484: 'RiskTemplate' is a type and must be imported using a type-only import when 'verbatimModuleSyntax' is enabled.
src/components/RiskTemplateSelector.tsx(4,40): error TS6133: 'getTemplatesByCategory' is declared but its value is never read.
src/components/RiskTemplateSelector.tsx(5,10): error TS1484: 'RiskCategory' is a type and must be imported using a type-only import when 'verbatimModuleSyntax' is enabled.
src/components/RiskTrendChart.tsx(2,10): error TS1484: 'Risk' is a type and must be imported using a type-only import when 'verbatimModuleSyntax' is enabled.
src/components/RiskTrendChart.tsx(5,1): error TS6133: 'calculateRiskScore' is declared but its value is never read.
src/components/ScopeCreepMonitor.tsx(3,39): error TS6196: 'ScopeCreepMetrics' is declared but never used.
src/components/ScopeCreepMonitor.tsx(53,36): error TS2322: Type '"error"' is not assignable to type '"success" | "info" | "warning" | "primary" | "danger" | "outline" | "neutral" | undefined'.
src/components/StageGateWorkflow.tsx(5,26): error TS6133: 'X' is declared but its value is never read.
src/components/StageGateWorkflow.tsx(7,48): error TS6196: 'GateRequirement' is declared but never used.
src/components/StageGateWorkflow.tsx(141,43): error TS6133: 'index' is declared but its value is never read.
src/pages/RiskManagement.tsx(38,1): error TS6192: All imports in import declaration are unused.
src/services/feishuService.ts(1,10): error TS1484: 'Project' is a type and must be imported using a type-only import when 'verbatimModuleSyntax' is enabled.
src/services/feishuService.ts(1,19): error TS1484: 'ResourcePoolItem' is a type and must be imported using a type-only import when 'verbatimModuleSyntax' is enabled.
src/services/feishuService.ts(1,37): error TS1484: 'Task' is a type and must be imported using a type-only import when 'verbatimModuleSyntax' is enabled.
src/services/feishuService.ts(1,37): error TS6133: 'Task' is declared but its value is never read.
src/services/feishuService.ts(17,11): error TS6196: 'FeishuBaseSheet' is declared but never used.
src/services/feishuService.ts(90,11): error TS2322: Type '{ id: string; name: string; description: string; status: "active" | "planning"; startDate: string; endDate: string; budget: number; spent: number; priority: any; managerId: string; tags: string[]; ... 4 more ...; score: number; }[]' is not assignable to type 'Project[]'.
  Property 'factors' is missing in type '{ id: string; name: string; description: string; status: "active" | "planning"; startDate: string; endDate: string; budget: number; spent: number; priority: any; managerId: string; tags: string[]; ... 4 more ...; score: number; }' but required in type 'Project'.
src/services/feishuService.ts(121,11): error TS2322: Type '{ id: string; name: string; role: string; department: string; email: string; skills: { name: string; level: number; }[]; availability: number; efficiency: number; costRate: number; totalQuantity: number; assignedProjects: never[]; }[]' is not assignable to type 'ResourcePoolItem[]'.
  Type '{ id: string; name: string; role: string; department: string; email: string; skills: { name: string; level: number; }[]; availability: number; efficiency: number; costRate: number; totalQuantity: number; assignedProjects: never[]; }' is not assignable to type 'ResourcePoolItem'.
    Types of property 'skills' are incompatible.
      Type '{ name: string; level: number; }[]' is not assignable to type 'Skill[]'.
        Property 'id' is missing in type '{ name: string; level: number; }' but required in type 'Skill'.
src/store/usePMOStore.ts(287,21): error TS2345: Argument of type '(state: PMOStoreState) => { approvalWorkflows: (ApprovalWorkflow | { approvers: (ApprovalStep | { status: string; decision: "approve" | "reject"; ... 7 more ...; canSkip: boolean; })[]; ... 10 more ...; createdAt: string; })[]; }' is not assignable to parameter of type 'PMOStoreState | Partial<PMOStoreState> | ((state: PMOStoreState) => PMOStoreState | Partial<PMOStoreState>)'.
  Type '(state: PMOStoreState) => { approvalWorkflows: (ApprovalWorkflow | { approvers: (ApprovalStep | { status: string; decision: "approve" | "reject"; ... 7 more ...; canSkip: boolean; })[]; ... 10 more ...; createdAt: string; })[]; }' is not assignable to type '(state: PMOStoreState) => PMOStoreState | Partial<PMOStoreState>'.
    Type '{ approvalWorkflows: (ApprovalWorkflow | { approvers: (ApprovalStep | { status: string; decision: "approve" | "reject"; comments: string | undefined; ... 6 more ...; canSkip: boolean; })[]; ... 10 more ...; createdAt: string; })[]; }' is not assignable to type 'PMOStoreState | Partial<PMOStoreState>'.
      Type '{ approvalWorkflows: (ApprovalWorkflow | { approvers: (ApprovalStep | { status: string; decision: "approve" | "reject"; comments: string | undefined; ... 6 more ...; canSkip: boolean; })[]; ... 10 more ...; createdAt: string; })[]; }' is not assignable to type 'Partial<PMOStoreState>'.
        Types of property 'approvalWorkflows' are incompatible.
          Type '(ApprovalWorkflow | { approvers: (ApprovalStep | { status: string; decision: "approve" | "reject"; comments: string | undefined; decidedAt: string; ... 5 more ...; canSkip: boolean; })[]; ... 10 more ...; createdAt: string; })[]' is not assignable to type 'ApprovalWorkflow[]'.
            Type 'ApprovalWorkflow | { approvers: (ApprovalStep | { status: string; decision: "approve" | "reject"; comments: string | undefined; decidedAt: string; ... 5 more ...; canSkip: boolean; })[]; ... 10 more ...; createdAt: string; }' is not assignable to type 'ApprovalWorkflow'.
              Type '{ approvers: (ApprovalStep | { status: string; decision: "approve" | "reject"; comments: string | undefined; decidedAt: string; stepNumber: number; approverId: string; approverName: string; approverRole: string; isRequired: boolean; canSkip: boolean; })[]; ... 10 more ...; createdAt: string; }' is not assignable to type 'ApprovalWorkflow'.
                Types of property 'approvers' are incompatible.
                  Type '(ApprovalStep | { status: string; decision: "approve" | "reject"; comments: string | undefined; decidedAt: string; stepNumber: number; approverId: string; approverName: string; approverRole: string; isRequired: boolean; canSkip: boolean; })[]' is not assignable to type 'ApprovalStep[]'.
                    Type 'ApprovalStep | { status: string; decision: "approve" | "reject"; comments: string | undefined; decidedAt: string; stepNumber: number; approverId: string; approverName: string; approverRole: string; isRequired: boolean; canSkip: boolean; }' is not assignable to type 'ApprovalStep'.
                      Type '{ status: string; decision: "approve" | "reject"; comments: string | undefined; decidedAt: string; stepNumber: number; approverId: string; approverName: string; approverRole: string; isRequired: boolean; canSkip: boolean; }' is not assignable to type 'ApprovalStep'.
                        Types of property 'status' are incompatible.
                          Type 'string' is not assignable to type 'ApprovalStatus'.
src/store/useStore.ts(3,104): error TS6196: 'ProjectBaseline' is declared but never used.
src/utils/aiRiskSuggestion.ts(1,10): error TS1484: 'Project' is a type and must be imported using a type-only import when 'verbatimModuleSyntax' is enabled.
src/utils/aiRiskSuggestion.ts(1,19): error TS1484: 'Risk' is a type and must be imported using a type-only import when 'verbatimModuleSyntax' is enabled.
src/utils/aiRiskSuggestion.ts(1,25): error TS1484: 'Task' is a type and must be imported using a type-only import when 'verbatimModuleSyntax' is enabled.
src/utils/aiRiskSuggestion.ts(1,25): error TS6133: 'Task' is declared but its value is never read.
src/utils/aiRiskSuggestion.ts(1,31): error TS1484: 'RiskCategory' is a type and must be imported using a type-only import when 'verbatimModuleSyntax' is enabled.
src/utils/aiRiskSuggestion.ts(2,26): error TS1484: 'RiskTemplate' is a type and must be imported using a type-only import when 'verbatimModuleSyntax' is enabled.
src/utils/aiRiskSuggestion.ts(64,11): error TS6133: 'milestones' is declared but its value is never read.
src/utils/crossProjectRiskAnalysis.ts(1,10): error TS1484: 'Project' is a type and must be imported using a type-only import when 'verbatimModuleSyntax' is enabled.
src/utils/crossProjectRiskAnalysis.ts(1,19): error TS1484: 'Risk' is a type and must be imported using a type-only import when 'verbatimModuleSyntax' is enabled.
src/utils/crossProjectRiskAnalysis.ts(1,25): error TS1484: 'RiskCategory' is a type and must be imported using a type-only import when 'verbatimModuleSyntax' is enabled.
src/utils/crossProjectRiskAnalysis.ts(201,52): error TS6133: 'project1' is declared but its value is never read.
src/utils/crossProjectRiskAnalysis.ts(201,71): error TS6133: 'project2' is declared but its value is never read.
src/utils/enhancedExport.ts(1,10): error TS1484: 'Project' is a type and must be imported using a type-only import when 'verbatimModuleSyntax' is enabled.
src/utils/enhancedExport.ts(1,19): error TS1484: 'Task' is a type and must be imported using a type-only import when 'verbatimModuleSyntax' is enabled.
src/utils/enhancedExport.ts(1,25): error TS1484: 'ResourcePoolItem' is a type and must be imported using a type-only import when 'verbatimModuleSyntax' is enabled.
src/utils/enhancedExport.ts(1,43): error TS1484: 'Risk' is a type and must be imported using a type-only import when 'verbatimModuleSyntax' is enabled.
src/utils/enhancedExport.ts(1,43): error TS6133: 'Risk' is declared but its value is never read.
src/utils/enhancedExport.ts(1,49): error TS1484: 'ExportConfig' is a type and must be imported using a type-only import when 'verbatimModuleSyntax' is enabled.
src/utils/enhancedExport.ts(1,49): error TS6133: 'ExportConfig' is declared but its value is never read.
src/utils/evmCalculations.ts(2,24): error TS6196: 'Task' is declared but never used.
src/utils/performanceOptimization.ts(1,10): error TS1484: 'PerformanceMetrics' is a type and must be imported using a type-only import when 'verbatimModuleSyntax' is enabled.
src/utils/performanceOptimization.ts(107,18): error TS2503: Cannot find namespace 'NodeJS'.
src/utils/performanceOptimization.ts(237,9): error TS2591: Cannot find name 'process'. Do you need to install type definitions for node? Try `npm i --save-dev @types/node` and then add 'node' to the types field in your tsconfig.
src/utils/performanceOptimization.ts(239,34): error TS2686: 'React' refers to a UMD global, but the current file is a module. Consider adding an import instead.
src/utils/pmoExportUtils.ts(1,24): error TS6196: 'EVMMetrics' is declared but never used.
src/utils/pmoExportUtils.ts(1,36): error TS6196: 'CrossProjectDependency' is declared but never used.
src/utils/pmoExportUtils.ts(150,34): error TS6133: 'title' is declared but its value is never read.
src/utils/projectHealth.ts(295,51): error TS2339: Property 'mitigation' does not exist on type 'Risk'.
src/utils/projectHealth.ts(295,67): error TS2339: Property 'mitigation' does not exist on type 'Risk'.
src/utils/reportGenerator.ts(1,10): error TS1484: 'Project' is a type and must be imported using a type-only import when 'verbatimModuleSyntax' is enabled.
src/utils/reportGenerator.ts(1,19): error TS1484: 'ResourcePoolItem' is a type and must be imported using a type-only import when 'verbatimModuleSyntax' is enabled.
src/utils/reportGenerator.ts(100,36): error TS2339: Property 'available' does not exist on type 'ResourcePoolItem'.
src/utils/riskExport.ts(1,10): error TS1484: 'Risk' is a type and must be imported using a type-only import when 'verbatimModuleSyntax' is enabled.
src/utils/riskExport.ts(1,16): error TS1484: 'Project' is a type and must be imported using a type-only import when 'verbatimModuleSyntax' is enabled.
src/utils/riskExport.ts(164,11): error TS6133: 'statusInfo' is declared but its value is never read.
src/utils/riskManagement.ts(1,10): error TS1484: 'Risk' is a type and must be imported using a type-only import when 'verbatimModuleSyntax' is enabled.
src/utils/riskManagement.ts(1,16): error TS1484: 'RiskPriority' is a type and must be imported using a type-only import when 'verbatimModuleSyntax' is enabled.
src/utils/riskManagement.ts(1,30): error TS1484: 'RiskCategory' is a type and must be imported using a type-only import when 'verbatimModuleSyntax' is enabled.
src/utils/riskManagement.ts(1,44): error TS1484: 'RiskStatus' is a type and must be imported using a type-only import when 'verbatimModuleSyntax' is enabled.
src/utils/riskManagement.ts(1,56): error TS1484: 'RiskMitigationAction' is a type and must be imported using a type-only import when 'verbatimModuleSyntax' is enabled.
src/utils/riskManagement.ts(1,78): error TS1484: 'RiskHistoryEntry' is a type and must be imported using a type-only import when 'verbatimModuleSyntax' is enabled.
src/utils/riskTemplates.ts(1,10): error TS1484: 'Risk' is a type and must be imported using a type-only import when 'verbatimModuleSyntax' is enabled.
src/utils/riskTemplates.ts(1,16): error TS1484: 'RiskCategory' is a type and must be imported using a type-only import when 'verbatimModuleSyntax' is enabled.
src/utils/searchEngine.ts(1,10): error TS1484: 'Project' is a type and must be imported using a type-only import when 'verbatimModuleSyntax' is enabled.
src/utils/searchEngine.ts(1,19): error TS1484: 'ResourcePoolItem' is a type and must be imported using a type-only import when 'verbatimModuleSyntax' is enabled.
src/utils/searchEngine.ts(1,37): error TS1484: 'Task' is a type and must be imported using a type-only import when 'verbatimModuleSyntax' is enabled.
src/utils/searchEngine.ts(1,37): error TS6133: 'Task' is declared but its value is never read.
src/utils/searchEngine.ts(1,43): error TS1484: 'ProjectTemplate' is a type and must be imported using a type-only import when 'verbatimModuleSyntax' is enabled.
src/utils/searchEngine.ts(35,70): error TS2339: Property 'role' does not exist on type 'ResourcePoolItem'.
src/utils/searchEngine.ts(35,80): error TS2339: Property 'role' does not exist on type 'ResourcePoolItem'.
src/utils/searchEngine.ts(40,28): error TS2339: Property 'role' does not exist on type 'ResourcePoolItem'.
src/utils/searchEngine.ts(52,22): error TS2339: Property 'info' does not exist on type 'Project'.
src/utils/searchEngine.ts(54,17): error TS2339: Property 'info' does not exist on type 'Project'.
src/utils/searchEngine.ts(54,36): error TS7006: Parameter 'task' implicitly has an 'any' type.
src/utils/stageGateManagement.ts(1,40): error TS6196: 'GateRequirement' is declared but never used.
